[backblue.gif]
[fade.gif]
[index.html]
[www.w3schools.com/favicon.ico]
[www.google-analytics.com/analytics.js]
[www.w3schools.com/lib/fonts/fontawesome8deb.eot]
[www.w3schools.com/lib/fonts/fontawesome8deb.woff]
[www.w3schools.com/lib/fonts/fontawesome8deb.ttf]
[www.w3schools.com/images/colorpicker.png]
[www.w3schools.com/index.html]
[www.w3schools.com/lib/w3.css]
[www.w3schools.com/lib/fonts/fontawesome8deb.svg]
[www.w3schools.com/html/default.html]
[www.w3schools.com/css/default.html]
[www.w3schools.com/w3css/default.html]
[www.w3schools.com/colors/default.html]
[www.w3schools.com/images/w3cert.gif]
[www.w3schools.com/images/colorpicker.gif]
[www.w3schools.com/images/w3schoolscom_gray.gif]
[www.w3schools.com/bootstrap/default.html]
[www.w3schools.com/icons/default.html]
[www.w3schools.com/graphics/default.html]
[www.w3schools.com/w3css/img_responsive.png]
[www.w3schools.com/w3css/img_temp_blog.jpg]
[www.w3schools.com/howto/default.html]
[ajax.googleapis.com/ajax/libs/jquery/1.12.4/jquery.min.js]
[maxcdn.bootstrapcdn.com/bootstrap/3.3.7/js/bootstrap.min.js]
[www.w3schools.com/js/default.html]
[www.w3schools.com/bootstrap/imgdefault.jpg]
[www.w3schools.com/css/searchicon.png]
[www.w3schools.com/howto/searchicon.png]
[www.w3schools.com/howto/img_nature_wide.jpg]
[www.w3schools.com/howto/img_fjords_wide.jpg]
[www.w3schools.com/howto/img_mountains_wide.jpg]
[www.w3schools.com/howto/img_lights_wide.jpg]
[www.w3schools.com/howto/img_website.jpg]
[www.w3schools.com/howto/rock.jpg]
[www.w3schools.com/howto/img_avatar.png]
[www.w3schools.com/howto/img_avatar2.png]
[www.w3schools.com/howto/parallax.jpg]
[www.w3schools.com/howto/aspect_ratio.png]
[www.w3schools.com/howto/img_fjords.jpg]
[www.w3schools.com/jquery/default.html]
[www.w3schools.com/images/tryitimg.gif]
[www.w3schools.com/jquerymobile/default.html]
[www.w3schools.com/appml/default.html]
[www.w3schools.com/angular/default.html]
[www.w3schools.com/json/default.html]
[www.w3schools.com/angular/pic_angular.jpg]
[www.w3schools.com/sql/default.html]
[www.w3schools.com/php/default.html]
[www.w3schools.com/asp/default.html]
[www.w3schools.com/w3css/img_temp_demosite.jpg]
[www.w3schools.com/w3css/img_temp_band.jpg]
[www.w3schools.com/w3css/img_temp_design.jpg]
[www.w3schools.com/w3css/img_temp_photo.jpg]
[www.w3schools.com/w3css/img_temp_startpage.jpg]
[www.w3schools.com/w3css/img_temp_portfolio.jpg]
[www.w3schools.com/w3css/img_temp_parallax.jpg]
[www.w3schools.com/w3css/img_temp_marketing.jpg]
[www.w3schools.com/w3css/img_temp_website.jpg]
[www.w3schools.com/w3css/img_temp_webpage.jpg]
[www.w3schools.com/w3css/img_temp_social.jpg]
[www.w3schools.com/w3css/img_temp_analytics.jpg]
[www.w3schools.com/w3css/img_temp_fifty.jpg]
[www.w3schools.com/w3css/img_temp_travel.jpg]
[www.w3schools.com/w3css/img_temp_mail.jpg]
[www.w3schools.com/w3css/w3css_templates.html]
[www.w3schools.com/browsers/default.html]
[www.w3schools.com/cert/default.html]
[www.w3schools.com/xml/note.xml]
[www.w3schools.com/xml/default.html]
[www.w3schools.com/xsl/default.html]
[www.w3schools.com/xml/simple.xml]
[www.w3schools.com/xml/simplexsl.xml]
[www.w3schools.com/ajax/ajax_info.txt]
[www.w3schools.com/ajax/default.html]
[www.w3schools.com/images/w3xpath.gif]
[www.w3schools.com/xsl/xpath1.gif]
[www.w3schools.com/xsl/xpath_intro.html]
[www.w3schools.com/images/w3xquery.gif]
[www.w3schools.com/xsl/xquery_intro.html]
[www.w3schools.com/images/html5_badge20.png]
[www.w3schools.com/tags/default.html]
[www.w3schools.com/tags/ev_onunload.html]
[www.w3schools.com/tags/ev_oninvalid.html]
[www.w3schools.com/tags/ev_onreset.html]
[www.w3schools.com/tags/ref_eventattributes.html]
[www.w3schools.com/tags/ref_attributes.html]
[www.w3schools.com/tags/ref_canvas.html]
[www.w3schools.com/graphics/svg_reference.html]
[www.w3schools.com/graphics/google_maps_reference.html]
[www.w3schools.com/cssref/pr_tab_caption-side.html]
[www.w3schools.com/cssref/pr_pos_clip.html]
[www.w3schools.com/cssref/pr_text_color.html]
[www.w3schools.com/cssref/css3_pr_column-count.html]
[www.w3schools.com/cssref/css3_pr_column-fill.html]
[www.w3schools.com/cssref/css3_pr_column-gap.html]
[www.w3schools.com/cssref/css3_pr_column-rule.html]
[www.w3schools.com/cssref/css3_pr_column-rule-color.html]
[www.w3schools.com/cssref/css3_pr_column-rule-style.html]
[www.w3schools.com/cssref/css3_pr_column-rule-width.html]
[www.w3schools.com/cssref/css3_pr_column-span.html]
[www.w3schools.com/cssref/css3_pr_column-width.html]
[www.w3schools.com/cssref/css3_pr_columns.html]
[www.w3schools.com/cssref/pr_gen_content.html]
[www.w3schools.com/cssref/pr_gen_counter-increment.html]
[www.w3schools.com/cssref/pr_gen_counter-reset.html]
[www.w3schools.com/cssref/pr_class_cursor.html]
[www.w3schools.com/cssref/pr_text_direction.html]
[www.w3schools.com/cssref/pr_class_display.html]
[www.w3schools.com/cssref/pr_tab_empty-cells.html]
[www.w3schools.com/cssref/css3_pr_filter.html]
[www.w3schools.com/cssref/css3_pr_flex.html]
[www.w3schools.com/cssref/css3_pr_flex-basis.html]
[www.w3schools.com/cssref/css3_pr_flex-direction.html]
[www.w3schools.com/cssref/css3_pr_flex-flow.html]
[www.w3schools.com/cssref/css3_pr_flex-grow.html]
[www.w3schools.com/cssref/css3_pr_flex-shrink.html]
[www.w3schools.com/cssref/css3_pr_flex-wrap.html]
[www.w3schools.com/cssref/pr_class_float.html]
[www.w3schools.com/cssref/pr_font_font.html]
[www.w3schools.com/cssref/css3_pr_font-face_rule.html]
[www.w3schools.com/cssref/pr_font_font-family.html]
[www.w3schools.com/cssref/pr_font_font-size.html]
[www.w3schools.com/cssref/css3_pr_font-size-adjust.html]
[www.w3schools.com/cssref/css3_pr_font-stretch.html]
[www.w3schools.com/cssref/pr_font_font-style.html]
[www.w3schools.com/cssref/pr_font_font-variant.html]
[www.w3schools.com/cssref/pr_font_weight.html]
[www.w3schools.com/cssref/css3_pr_hanging-punctuation.html]
[www.w3schools.com/cssref/pr_dim_height.html]
[www.w3schools.com/cssref/css3_pr_justify-content.html]
[www.w3schools.com/cssref/css3_pr_animation-keyframes.html]
[www.w3schools.com/cssref/pr_pos_left.html]
[www.w3schools.com/cssref/pr_text_letter-spacing.html]
[www.w3schools.com/cssref/pr_dim_line-height.html]
[www.w3schools.com/cssref/pr_list-style.html]
[www.w3schools.com/cssref/pr_list-style-image.html]
[www.w3schools.com/cssref/pr_list-style-position.html]
[www.w3schools.com/cssref/pr_list-style-type.html]
[www.w3schools.com/cssref/pr_margin.html]
[www.w3schools.com/cssref/pr_margin-left.html]
[www.w3schools.com/cssref/pr_margin-bottom.html]
[www.w3schools.com/cssref/pr_margin-right.html]
[www.w3schools.com/cssref/pr_margin-top.html]
[www.w3schools.com/cssref/pr_dim_max-height.html]
[www.w3schools.com/cssref/pr_dim_max-width.html]
[www.w3schools.com/cssref/css3_pr_mediaquery.html]
[www.w3schools.com/cssref/pr_dim_min-height.html]
[www.w3schools.com/cssref/pr_dim_min-width.html]
[www.w3schools.com/cssref/css3_pr_nav-down.html]
[www.w3schools.com/cssref/css3_pr_nav-index.html]
[www.w3schools.com/cssref/css3_pr_nav-left.html]
[www.w3schools.com/cssref/css3_pr_nav-right.html]
[www.w3schools.com/cssref/css3_pr_nav-up.html]
[www.w3schools.com/cssref/css3_pr_opacity.html]
[www.w3schools.com/cssref/css3_pr_order.html]
[www.w3schools.com/cssref/pr_outline.html]
[www.w3schools.com/cssref/pr_outline-color.html]
[www.w3schools.com/cssref/css3_pr_outline-offset.html]
[www.w3schools.com/cssref/pr_outline-style.html]
[www.w3schools.com/cssref/pr_outline-width.html]
[www.w3schools.com/cssref/pr_pos_overflow.html]
[www.w3schools.com/cssref/css3_pr_overflow-x.html]
[www.w3schools.com/cssref/css3_pr_overflow-y.html]
[www.w3schools.com/cssref/pr_padding.html]
[www.w3schools.com/cssref/pr_padding-bottom.html]
[www.w3schools.com/cssref/pr_padding-left.html]
[www.w3schools.com/cssref/pr_padding-right.html]
[www.w3schools.com/cssref/pr_padding-top.html]
[www.w3schools.com/cssref/pr_print_pageba.html]
[www.w3schools.com/cssref/pr_print_pagebb.html]
[www.w3schools.com/cssref/pr_print_pagebi.html]
[www.w3schools.com/cssref/css3_pr_perspective.html]
[www.w3schools.com/cssref/css3_pr_perspective-origin.html]
[www.w3schools.com/cssref/pr_class_position.html]
[www.w3schools.com/cssref/pr_gen_quotes.html]
[www.w3schools.com/cssref/css3_pr_resize.html]
[www.w3schools.com/cssref/pr_pos_right.html]
[www.w3schools.com/cssref/css3_pr_tab-size.html]
[www.w3schools.com/cssref/pr_tab_table-layout.html]
[www.w3schools.com/cssref/pr_text_text-align.html]
[www.w3schools.com/cssref/css3_pr_text-align-last.html]
[www.w3schools.com/cssref/pr_text_text-decoration.html]
[www.w3schools.com/cssref/css3_pr_text-decoration-color.html]
[www.w3schools.com/cssref/css3_pr_text-decoration-line.html]
[www.w3schools.com/cssref/css3_pr_text-decoration-style.html]
[www.w3schools.com/cssref/pr_text_text-indent.html]
[www.w3schools.com/cssref/css3_pr_text-justify.html]
[www.w3schools.com/cssref/css3_pr_text-overflow.html]
[www.w3schools.com/cssref/css3_pr_text-shadow.html]
[www.w3schools.com/cssref/pr_text_text-transform.html]
[www.w3schools.com/cssref/pr_pos_top.html]
[www.w3schools.com/cssref/css3_pr_transform.html]
[www.w3schools.com/cssref/css3_pr_transform-origin.html]
[www.w3schools.com/cssref/css3_pr_transform-style.html]
[www.w3schools.com/cssref/css3_pr_transition.html]
[www.w3schools.com/cssref/css3_pr_transition-delay.html]
[www.w3schools.com/cssref/css3_pr_transition-duration.html]
[www.w3schools.com/cssref/css3_pr_transition-property.html]
[www.w3schools.com/cssref/css3_pr_transition-timing-function.html]
[www.w3schools.com/cssref/pr_text_unicode-bidi.html]
[www.w3schools.com/cssref/pr_pos_vertical-align.html]
[www.w3schools.com/cssref/pr_class_visibility.html]
[www.w3schools.com/cssref/pr_text_white-space.html]
[www.w3schools.com/cssref/pr_dim_width.html]
[www.w3schools.com/cssref/css3_pr_word-break.html]
[www.w3schools.com/cssref/pr_text_word-spacing.html]
[www.w3schools.com/cssref/css3_pr_word-wrap.html]
[www.w3schools.com/cssref/pr_pos_z-index.html]
[www.w3schools.com/images/icon_small_star.gif]
[www.w3schools.com/cssref/default.html]
[www.w3schools.com/cssref/trysel.html]
[www.w3schools.com/cssref/sel_class.html]
[www.w3schools.com/cssref/sel_id.html]
[www.w3schools.com/cssref/sel_all.html]
[www.w3schools.com/cssref/sel_element.html]
[www.w3schools.com/cssref/sel_element_comma.html]
[www.w3schools.com/cssref/sel_element_element.html]
[www.w3schools.com/cssref/sel_element_gt.html]
[www.w3schools.com/cssref/sel_element_pluss.html]
[www.w3schools.com/cssref/sel_gen_sibling.html]
[www.w3schools.com/cssref/sel_attribute.html]
[www.w3schools.com/cssref/sel_attribute_value.html]
[www.w3schools.com/cssref/sel_attribute_value_contains.html]
[www.w3schools.com/cssref/sel_attribute_value_lang.html]
[www.w3schools.com/cssref/sel_attr_begin.html]
[www.w3schools.com/cssref/sel_attr_end.html]
[www.w3schools.com/cssref/sel_active.html]
[www.w3schools.com/cssref/sel_attr_contain.html]
[www.w3schools.com/cssref/sel_after.html]
[www.w3schools.com/cssref/sel_checked.html]
[www.w3schools.com/cssref/sel_before.html]
[www.w3schools.com/cssref/sel_disabled.html]
[www.w3schools.com/cssref/sel_empty.html]
[www.w3schools.com/cssref/sel_enabled.html]
[www.w3schools.com/cssref/sel_firstchild.html]
[www.w3schools.com/cssref/sel_firstletter.html]
[www.w3schools.com/cssref/sel_firstline.html]
[www.w3schools.com/cssref/sel_first-of-type.html]
[www.w3schools.com/cssref/sel_focus.html]
[www.w3schools.com/cssref/sel_hover.html]
[www.w3schools.com/cssref/sel_in-range.html]
[www.w3schools.com/cssref/sel_invalid.html]
[www.w3schools.com/cssref/sel_lang.html]
[www.w3schools.com/cssref/sel_last-child.html]
[www.w3schools.com/cssref/sel_last-of-type.html]
[www.w3schools.com/cssref/sel_link.html]
[www.w3schools.com/cssref/sel_not.html]
[www.w3schools.com/cssref/sel_nth-child.html]
[www.w3schools.com/cssref/sel_nth-last-child.html]
[www.w3schools.com/cssref/sel_nth-last-of-type.html]
[www.w3schools.com/cssref/sel_nth-of-type.html]
[www.w3schools.com/cssref/sel_only-of-type.html]
[www.w3schools.com/cssref/sel_only-child.html]
[www.w3schools.com/cssref/sel_optional.html]
[www.w3schools.com/cssref/sel_out-of-range.html]
[www.w3schools.com/cssref/sel_read-only.html]
[www.w3schools.com/cssref/sel_read-write.html]
[www.w3schools.com/cssref/sel_required.html]
[www.w3schools.com/cssref/sel_root.html]
[www.w3schools.com/cssref/sel_selection.html]
[www.w3schools.com/cssref/sel_target.html]
[www.w3schools.com/cssref/sel_valid.html]
[www.w3schools.com/cssref/sel_visited.html]
[www.w3schools.com/cssref/css_selectors.html]
[www.w3schools.com/w3css/tryitc441.html]
[www.w3schools.com/w3css/tryit817a.html]
[www.w3schools.com/w3css/tryitdd91.html]
[www.w3schools.com/w3css/tryit47b0.html]
[www.w3schools.com/w3css/tryit54b1.html]
[www.w3schools.com/w3css/tryit4196.html]
[www.w3schools.com/w3css/tryit8588.html]
[www.w3schools.com/w3css/tryit216c.html]
[www.w3schools.com/w3css/tryite5fe.html]
[www.w3schools.com/w3css/tryit8e80.html]
[www.w3schools.com/w3css/tryit4bb5.html]
[www.w3schools.com/w3css/tryitb78f.html]
[www.w3schools.com/w3css/tryit8805.html]
[www.w3schools.com/w3css/tryit86cf.html]
[www.w3schools.com/w3css/tryita6f3.html]
[www.w3schools.com/w3css/tryit1d7e.html]
[www.w3schools.com/w3css/tryitb764.html]
[www.w3schools.com/w3css/tryit3d93.html]
[www.w3schools.com/w3css/tryit18cc.html]
[www.w3schools.com/w3css/tryit57e2.html]
[www.w3schools.com/w3css/tryitf418.html]
[www.w3schools.com/w3css/tryit86cb.html]
[www.w3schools.com/w3css/tryit82d5.html]
[www.w3schools.com/w3css/tryitf97f.html]
[www.w3schools.com/w3css/tryit0436.html]
[www.w3schools.com/w3css/tryit30cd.html]
[www.w3schools.com/w3css/tryitbf08.html]
[www.w3schools.com/w3css/tryit65f8.html]
[www.w3schools.com/w3css/tryitd791.html]
[www.w3schools.com/w3css/tryiteffe.html]
[www.w3schools.com/w3css/tryitbdf5.html]
[www.w3schools.com/w3css/tryitd4e6.html]
[www.w3schools.com/w3css/tryit4f17.html]
[www.w3schools.com/w3css/tryit8868.html]
[www.w3schools.com/w3css/tryit4462.html]
[www.w3schools.com/w3css/tryite28d.html]
[www.w3schools.com/w3css/tryit569d.html]
[www.w3schools.com/w3css/tryitb6fa.html]
[www.w3schools.com/w3css/tryitf9e3.html]
[www.w3schools.com/w3css/tryitb22d.html]
[www.w3schools.com/w3css/tryit507e.html]
[www.w3schools.com/w3css/tryit5326.html]
[www.w3schools.com/w3css/tryit9aaa.html]
[www.w3schools.com/w3css/tryitedea.html]
[www.w3schools.com/w3css/tryita5bb.html]
[www.w3schools.com/w3css/tryit68f6.html]
[www.w3schools.com/w3css/tryite189.html]
[www.w3schools.com/w3css/tryitf826.html]
[www.w3schools.com/w3css/tryit4c17.html]
[www.w3schools.com/w3css/tryit1dfc.html]
[www.w3schools.com/w3css/tryita30c.html]
[www.w3schools.com/w3css/tryit8a4e.html]
[www.w3schools.com/w3css/tryit1b81.html]
[www.w3schools.com/w3css/tryitb551.html]
[www.w3schools.com/w3css/tryitd362.html]
[www.w3schools.com/w3css/tryit5e4a.html]
[www.w3schools.com/w3css/tryit9688.html]
[www.w3schools.com/w3css/tryitd606.html]
[www.w3schools.com/w3css/tryit5eb8.html]
[www.w3schools.com/w3css/tryitaf2e.html]
[www.w3schools.com/w3css/tryita4ac.html]
[www.w3schools.com/w3css/tryit363d.html]
[www.w3schools.com/w3css/tryitac48.html]
[www.w3schools.com/w3css/tryit6991.html]
[www.w3schools.com/w3css/tryitf7ae.html]
[www.w3schools.com/w3css/tryite8bb.html]
[www.w3schools.com/w3css/tryit0dbd.html]
[www.w3schools.com/w3css/tryitc007.html]
[www.w3schools.com/w3css/tryit8543.html]
[www.w3schools.com/w3css/tryitf795.html]
[www.w3schools.com/w3css/tryita36e.html]
[www.w3schools.com/w3css/tryitda90.html]
[www.w3schools.com/w3css/tryite423.html]
[www.w3schools.com/w3css/tryit6e7d.html]
[www.w3schools.com/w3css/tryita239.html]
[www.w3schools.com/w3css/tryit271a.html]
[www.w3schools.com/w3css/tryit8467.html]
[www.w3schools.com/w3css/tryit2d70.html]
[www.w3schools.com/w3css/tryit30e1.html]
[www.w3schools.com/w3css/tryit28a7.html]
[www.w3schools.com/w3css/tryitb476.html]
[www.w3schools.com/w3css/tryitfa20.html]
[www.w3schools.com/w3css/tryitd015.html]
[www.w3schools.com/w3css/tryit3a41.html]
[www.w3schools.com/w3css/tryit722c.html]
[www.w3schools.com/w3css/tryit8530.html]
[www.w3schools.com/w3css/tryit46eb.html]
[www.w3schools.com/w3css/tryit3486.html]
[www.w3schools.com/w3css/tryitda99.html]
[www.w3schools.com/w3css/tryitee8a.html]
[www.w3schools.com/w3css/tryitcc7e.html]
[www.w3schools.com/w3css/tryit78f8.html]
[www.w3schools.com/w3css/tryit19b3.html]
[www.w3schools.com/w3css/tryit9a8a.html]
[www.w3schools.com/w3css/tryit054a.html]
[www.w3schools.com/w3css/tryitf285.html]
[www.w3schools.com/w3css/tryit5fc7.html]
[www.w3schools.com/w3css/tryit8721.html]
[www.w3schools.com/w3css/tryit79a2.html]
[www.w3schools.com/w3css/tryit3f01.html]
[www.w3schools.com/w3css/tryit7ae7.html]
[www.w3schools.com/w3css/tryit0077.html]
[www.w3schools.com/w3css/tryit3954.html]
[www.w3schools.com/w3css/tryitb1c2.html]
[www.w3schools.com/w3css/tryit8272.html]
[www.w3schools.com/w3css/tryit1a83.html]
[www.w3schools.com/w3css/tryit5ac4.html]
[www.w3schools.com/w3css/tryit1005.html]
[www.w3schools.com/w3css/tryit280d.html]
[www.w3schools.com/w3css/tryitee1f.html]
[www.w3schools.com/w3css/tryit30fb.html]
[www.w3schools.com/w3css/tryitddaa.html]
[www.w3schools.com/w3css/tryit93ba.html]
[www.w3schools.com/w3css/tryitebac.html]
[www.w3schools.com/w3css/tryit7cdf.html]
[www.w3schools.com/w3css/tryit3f13.html]
[www.w3schools.com/w3css/tryita6b3.html]
[www.w3schools.com/w3css/tryit087f.html]
[www.w3schools.com/w3css/tryit1548.html]
[www.w3schools.com/w3css/tryit15bb.html]
[www.w3schools.com/w3css/tryit5dc7.html]
[www.w3schools.com/w3css/tryitb8f2.html]
[www.w3schools.com/w3css/tryitaadd.html]
[www.w3schools.com/w3css/tryit5877.html]
[www.w3schools.com/w3css/tryit9189.html]
[www.w3schools.com/w3css/tryite24b.html]
[www.w3schools.com/w3css/tryit208d.html]
[www.w3schools.com/w3css/tryit4ceb.html]
[www.w3schools.com/w3css/tryitcc73.html]
[www.w3schools.com/w3css/tryita841.html]
[www.w3schools.com/w3css/tryit49e3.html]
[www.w3schools.com/w3css/tryit22ad.html]
[www.w3schools.com/w3css/tryit77b6.html]
[www.w3schools.com/w3css/tryit2e6a.html]
[www.w3schools.com/w3css/tryitde5a.html]
[www.w3schools.com/w3css/tryitf1cd.html]
[www.w3schools.com/w3css/tryit8752.html]
[www.w3schools.com/w3css/tryit9aa6.html]
[www.w3schools.com/w3css/tryite5b4.html]
[www.w3schools.com/w3css/tryitbd52.html]
[www.w3schools.com/w3css/tryit6da0.html]
[www.w3schools.com/w3css/tryit6793.html]
[www.w3schools.com/w3css/tryit8f82.html]
[www.w3schools.com/w3css/tryita850.html]
[www.w3schools.com/w3css/tryitfbcb.html]
[www.w3schools.com/w3css/tryit98b0.html]
[www.w3schools.com/w3css/tryit9403.html]
[www.w3schools.com/w3css/tryit3c06.html]
[www.w3schools.com/w3css/tryit6938.html]
[www.w3schools.com/w3css/tryit9fe1.html]
[www.w3schools.com/w3css/tryit6748.html]
[www.w3schools.com/w3css/tryitffac.html]
[www.w3schools.com/w3css/w3css_references.html]
[www.w3schools.com/bootstrap/bootstrap_ref_css_text.html]
[www.w3schools.com/jsref/default.html]
[www.w3schools.com/jquery/jquery_ref_selectors.html]
[www.w3schools.com/jquerymobile/jquerymobile_ref_data.html]
[www.w3schools.com/angular/angular_ref_directives.html]
[www.w3schools.com/xml/dom_nodetype.html]
[www.w3schools.com/xsl/xsl_w3celementref.html]
[www.w3schools.com/xml/schema_elements_ref.html]
[www.w3schools.com/charsets/default.html]
[www.w3schools.com/charsets/ref_html_ascii.html]
[www.w3schools.com/charsets/ref_html_ansi.html]
[www.w3schools.com/charsets/ref_html_8859.html]
[www.w3schools.com/charsets/ref_html_symbols.html]
[www.w3schools.com/charsets/ref_html_utf8.html]
[www.w3schools.com/php/php_ref_array.html]
[www.w3schools.com/sql/sql_quickref.html]
[www.w3schools.com/asp/asp_ref_response.html]
[www.w3schools.com/html/html_examples.html]
[www.w3schools.com/css/css_examples.html]
[www.w3schools.com/w3css/w3css_examples.html]
[www.w3schools.com/js/js_examples.html]
[www.w3schools.com/js/js_dom_examples.html]
[www.w3schools.com/jquery/jquery_examples.html]
[www.w3schools.com/jquerymobile/jquerymobile_examples.html]
[www.w3schools.com/angular/angular_examples.html]
[www.w3schools.com/ajax/ajax_examples.html]
[www.w3schools.com/php/php_examples.html]
[www.w3schools.com/asp/asp_examples.html]
[www.w3schools.com/xml/xml_examples.html]
[www.w3schools.com/xsl/xsl_examples.html]
[www.w3schools.com/xsl/xpath_examples.html]
[www.w3schools.com/xml/schema_example.html]
[www.w3schools.com/graphics/svg_examples.html]
[www.w3schools.com/html/tryitfb35.html]
[www.w3schools.com/css/tryit438d.html]
[www.w3schools.com/js/tryit8004.html]
[www.w3schools.com/colors/colors_picker.html]
[www.w3schools.com/about/default.html]
[www.w3schools.com/about/about_copyright.html]
[www.w3schools.com/about/about_privacy.html]
[www.w3schools.com/lib/w3codecolors.js]
[translate.google.com/translate_a/elementa0d8.html]
[www.w3schools.com/stdtheme.css]
[www.w3schools.com/default.html]
